{
  "RpminfoObjects": [
    {
      "ID": "oval:com.redhat.cve:obj:202010744001",
      "Version": "631",
      "Name": "ansible"
    },
    {
      "ID": "oval:com.redhat.cve:obj:202010744002",
      "Version": "631",
      "Name": "ansible-test"
    }
  ],
  "RpmverifyfileObjects": [
    {
      "ID": "oval:com.redhat.cve:obj:202010744003",
      "AttrVersion": "631",
      "Behaviors": {
        "Noconfigfiles": "true",
        "Noghostfiles": "true",
        "Nogroup": "true",
        "Nolinkto": "true",
        "Nomd5": "true",
        "Nomode": "true",
        "Nomtime": "true",
        "Nordev": "true",
        "Nosize": "true",
        "Nouser": "true"
      },
      "Filepath": {
        "Text": "/etc/redhat-release"
      },
      "Name": {
        "Operation": "pattern match"
      },
      "Version": {
        "Operation": "pattern match"
      },
      "Epoch": {
        "Operation": "pattern match"
      },
      "Arch": {
        "Operation": "pattern match"
      },
      "Release": {
        "Operation": "pattern match"
      }
    }
  ]
}