{
  "CVE-2021-3618": {
    "fixed_version": "1.21.0"
  }
}