{
  "RpminfoObjects": [
    {
      "ID": "oval:com.redhat.rhba:obj:20070331001",
      "Version": "633",
      "Name": "luci"
    }
  ]
}