{
  "RpminfoTests": [
    {
      "Check": "at least one",
      "Comment": "luci is signed with Red Hat redhatrelease key",
      "ID": "oval:com.redhat.rhba:tst:20070331002",
      "Version": "633",
      "Object": {
        "ObjectRef": "oval:com.redhat.rhba:obj:20070331001"
      },
      "State": {
        "StateRef": "oval:com.redhat.rhba:ste:20070331002"
      }
    },
    {
      "Check": "at least one",
      "Comment": "luci is earlier than 0:0.9.2-6.el5",
      "ID": "oval:com.redhat.rhba:tst:20070331001",
      "Version": "633",
      "Object": {
        "ObjectRef": "oval:com.redhat.rhba:obj:20070331001"
      },
      "State": {
        "StateRef": "oval:com.redhat.rhba:ste:20070331001"
      }
    }
  ],
  "RpmverifyfileTests": [
    {
      "Check": "at least one",
      "Comment": "Red Hat Enterprise Linux 5 is installed",
      "ID": "oval:com.redhat.rhba:tst:20070331005",
      "Version": "633",
      "Object": {
        "ObjectRef": "oval:com.redhat.rhba:obj:20070331003"
      },
      "State": {
        "StateRef": "oval:com.redhat.rhba:ste:20070331003"
      }
    },
    {
      "Check": "none satisfy",
      "Comment": "Red Hat Enterprise Linux must be installed",
      "ID": "oval:com.redhat.rhba:tst:20070331006",
      "Version": "633",
      "Object": {
        "ObjectRef": "oval:com.redhat.rhba:obj:20070331003"
      },
      "State": {
        "StateRef": "oval:com.redhat.rhba:ste:20070331004"
      }
    }
  ]
}