{
  "RpminfoObjects": [
    {
      "ID": "oval:com.microsoft.cbl-mariner:obj:1643374850000123",
      "Version": "1643374850",
      "Name": "unzip"
    },
    {
      "ID": "oval:com.microsoft.cbl-mariner:obj:1643374850000429",
      "Version": "1643374850",
      "Name": "wireshark"
    },
    {
      "ID": "oval:com.microsoft.cbl-mariner:obj:1643374850000669",
      "Version": "1643374850",
      "Name": "mysql"
    },
    {
      "ID": "oval:com.microsoft.cbl-mariner:obj:31880001",
      "Version": "0",
      "Name": "openssl"
    },
    {
      "ID": "oval:com.microsoft.cbl-mariner:obj:31872001",
      "Version": "0",
      "Name": "edk2"
    }
  ]
}