{
  "Title": "Security update for libvirt",
  "Tracking": {
    "ID": "openSUSE-SU-2015:0225-1",
    "Status": "Final",
    "Version": "1",
    "InitialReleaseDate": "2015-01-29T16:46:25Z",
    "CurrentReleaseDate": "2015-01-29T16:46:25Z",
    "RevisionHistory": [
      {
        "Number": "1",
        "Date": "2015-01-29T16:46:25Z",
        "Description": "current"
      }
    ]
  },
  "Notes": [
    {
      "Text": "Security update for libvirt",
      "Title": "Topic",
      "Type": "Summary"
    },
    {
      "Text": "\n      This update fixes the following security issues:\n\n- CVE-2015-0236: libvirt: access control bypass bsc#914693\n\n- bnc#905086: libvirt cannot properly determine cpu flags with qemu-kvm\n\n- Fixed allowing devices for containers.\n",
      "Title": "Details",
      "Type": "General"
    },
    {
      "Text": "The CVRF data is provided by SUSE under the Creative Commons License 4.0 with Attribution for Non-Commercial usage (CC-BY-NC-4.0).",
      "Title": "Terms of Use",
      "Type": "Legal Disclaimer"
    }
  ],
  "ProductTree": {
    "Relationships": [
      {
        "ProductReference": "libvirt-1.1.2-2.48.1",
        "RelatesToProductReference": "openSUSE 13.1",
        "RelationType": "Default Component Of"
      },
      {
        "ProductReference": "libvirt-client-1.1.2-2.48.1",
        "RelatesToProductReference": "openSUSE 13.1",
        "RelationType": "Default Component Of"
      },
      {
        "ProductReference": "libvirt-client-32bit-1.1.2-2.48.1",
        "RelatesToProductReference": "openSUSE 13.1",
        "RelationType": "Default Component Of"
      },
      {
        "ProductReference": "libvirt-daemon-1.1.2-2.48.1",
        "RelatesToProductReference": "openSUSE 13.1",
        "RelationType": "Default Component Of"
      },
      {
        "ProductReference": "libvirt-daemon-config-network-1.1.2-2.48.1",
        "RelatesToProductReference": "openSUSE 13.1",
        "RelationType": "Default Component Of"
      },
      {
        "ProductReference": "libvirt-daemon-config-nwfilter-1.1.2-2.48.1",
        "RelatesToProductReference": "openSUSE 13.1",
        "RelationType": "Default Component Of"
      },
      {
        "ProductReference": "libvirt-daemon-driver-interface-1.1.2-2.48.1",
        "RelatesToProductReference": "openSUSE 13.1",
        "RelationType": "Default Component Of"
      },
      {
        "ProductReference": "libvirt-daemon-driver-libxl-1.1.2-2.48.1",
        "RelatesToProductReference": "openSUSE 13.1",
        "RelationType": "Default Component Of"
      },
      {
        "ProductReference": "libvirt-daemon-driver-lxc-1.1.2-2.48.1",
        "RelatesToProductReference": "openSUSE 13.1",
        "RelationType": "Default Component Of"
      },
      {
        "ProductReference": "libvirt-daemon-driver-network-1.1.2-2.48.1",
        "RelatesToProductReference": "openSUSE 13.1",
        "RelationType": "Default Component Of"
      },
      {
        "ProductReference": "libvirt-daemon-driver-nodedev-1.1.2-2.48.1",
        "RelatesToProductReference": "openSUSE 13.1",
        "RelationType": "Default Component Of"
      },
      {
        "ProductReference": "libvirt-daemon-driver-nwfilter-1.1.2-2.48.1",
        "RelatesToProductReference": "openSUSE 13.1",
        "RelationType": "Default Component Of"
      },
      {
        "ProductReference": "libvirt-daemon-driver-qemu-1.1.2-2.48.1",
        "RelatesToProductReference": "openSUSE 13.1",
        "RelationType": "Default Component Of"
      },
      {
        "ProductReference": "libvirt-daemon-driver-secret-1.1.2-2.48.1",
        "RelatesToProductReference": "openSUSE 13.1",
        "RelationType": "Default Component Of"
      },
      {
        "ProductReference": "libvirt-daemon-driver-storage-1.1.2-2.48.1",
        "RelatesToProductReference": "openSUSE 13.1",
        "RelationType": "Default Component Of"
      },
      {
        "ProductReference": "libvirt-daemon-driver-uml-1.1.2-2.48.1",
        "RelatesToProductReference": "openSUSE 13.1",
        "RelationType": "Default Component Of"
      },
      {
        "ProductReference": "libvirt-daemon-driver-vbox-1.1.2-2.48.1",
        "RelatesToProductReference": "openSUSE 13.1",
        "RelationType": "Default Component Of"
      },
      {
        "ProductReference": "libvirt-daemon-driver-xen-1.1.2-2.48.1",
        "RelatesToProductReference": "openSUSE 13.1",
        "RelationType": "Default Component Of"
      },
      {
        "ProductReference": "libvirt-daemon-lxc-1.1.2-2.48.1",
        "RelatesToProductReference": "openSUSE 13.1",
        "RelationType": "Default Component Of"
      },
      {
        "ProductReference": "libvirt-daemon-qemu-1.1.2-2.48.1",
        "RelatesToProductReference": "openSUSE 13.1",
        "RelationType": "Default Component Of"
      },
      {
        "ProductReference": "libvirt-daemon-uml-1.1.2-2.48.1",
        "RelatesToProductReference": "openSUSE 13.1",
        "RelationType": "Default Component Of"
      },
      {
        "ProductReference": "libvirt-daemon-vbox-1.1.2-2.48.1",
        "RelatesToProductReference": "openSUSE 13.1",
        "RelationType": "Default Component Of"
      },
      {
        "ProductReference": "libvirt-daemon-xen-1.1.2-2.48.1",
        "RelatesToProductReference": "openSUSE 13.1",
        "RelationType": "Default Component Of"
      },
      {
        "ProductReference": "libvirt-devel-1.1.2-2.48.1",
        "RelatesToProductReference": "openSUSE 13.1",
        "RelationType": "Default Component Of"
      },
      {
        "ProductReference": "libvirt-devel-32bit-1.1.2-2.48.1",
        "RelatesToProductReference": "openSUSE 13.1",
        "RelationType": "Default Component Of"
      },
      {
        "ProductReference": "libvirt-doc-1.1.2-2.48.1",
        "RelatesToProductReference": "openSUSE 13.1",
        "RelationType": "Default Component Of"
      },
      {
        "ProductReference": "libvirt-lock-sanlock-1.1.2-2.48.1",
        "RelatesToProductReference": "openSUSE 13.1",
        "RelationType": "Default Component Of"
      },
      {
        "ProductReference": "libvirt-login-shell-1.1.2-2.48.1",
        "RelatesToProductReference": "openSUSE 13.1",
        "RelationType": "Default Component Of"
      },
      {
        "ProductReference": "libvirt-python-1.1.2-2.48.1",
        "RelatesToProductReference": "openSUSE 13.1",
        "RelationType": "Default Component Of"
      }
    ]
  },
  "References": [
    {
      "URL": "http://lists.opensuse.org/opensuse-updates/2015-02/msg00028.html",
      "Description": "E-Mail link for openSUSE-SU-2015:0225-1"
    },
    {
      "URL": "https://www.suse.com/support/security/rating/",
      "Description": "SUSE Security Ratings"
    }
  ],
  "Vulnerabilities": [
    {
      "CVE": "CVE-2015-0236",
      "Description": "libvirt before 1.2.12 allow remote authenticated users to obtain the VNC password by using the VIR_DOMAIN_XML_SECURE flag with a crafted (1) snapshot to the virDomainSnapshotGetXMLDesc interface or (2) image to the virDomainSaveImageGetXMLDesc interface.",
      "Threats": [
        {
          "Type": "Impact",
          "Severity": "moderate"
        }
      ],
      "References": [
        {
          "URL": "https://www.suse.com/security/cve/CVE-2015-0236.html",
          "Description": "CVE-2015-0236"
        },
        {
          "URL": "https://bugzilla.suse.com/914693",
          "Description": "SUSE Bug 914693"
        }
      ],
      "ProductStatuses": [
        {
          "Type": "Fixed",
          "ProductID": [
            "openSUSE 13.1:libvirt-1.1.2-2.48.1",
            "openSUSE 13.1:libvirt-client-1.1.2-2.48.1",
            "openSUSE 13.1:libvirt-client-32bit-1.1.2-2.48.1",
            "openSUSE 13.1:libvirt-daemon-1.1.2-2.48.1",
            "openSUSE 13.1:libvirt-daemon-config-network-1.1.2-2.48.1",
            "openSUSE 13.1:libvirt-daemon-config-nwfilter-1.1.2-2.48.1",
            "openSUSE 13.1:libvirt-daemon-driver-interface-1.1.2-2.48.1",
            "openSUSE 13.1:libvirt-daemon-driver-libxl-1.1.2-2.48.1",
            "openSUSE 13.1:libvirt-daemon-driver-lxc-1.1.2-2.48.1",
            "openSUSE 13.1:libvirt-daemon-driver-network-1.1.2-2.48.1",
            "openSUSE 13.1:libvirt-daemon-driver-nodedev-1.1.2-2.48.1",
            "openSUSE 13.1:libvirt-daemon-driver-nwfilter-1.1.2-2.48.1",
            "openSUSE 13.1:libvirt-daemon-driver-qemu-1.1.2-2.48.1",
            "openSUSE 13.1:libvirt-daemon-driver-secret-1.1.2-2.48.1",
            "openSUSE 13.1:libvirt-daemon-driver-storage-1.1.2-2.48.1",
            "openSUSE 13.1:libvirt-daemon-driver-uml-1.1.2-2.48.1",
            "openSUSE 13.1:libvirt-daemon-driver-vbox-1.1.2-2.48.1",
            "openSUSE 13.1:libvirt-daemon-driver-xen-1.1.2-2.48.1",
            "openSUSE 13.1:libvirt-daemon-lxc-1.1.2-2.48.1",
            "openSUSE 13.1:libvirt-daemon-qemu-1.1.2-2.48.1",
            "openSUSE 13.1:libvirt-daemon-uml-1.1.2-2.48.1",
            "openSUSE 13.1:libvirt-daemon-vbox-1.1.2-2.48.1",
            "openSUSE 13.1:libvirt-daemon-xen-1.1.2-2.48.1",
            "openSUSE 13.1:libvirt-devel-1.1.2-2.48.1",
            "openSUSE 13.1:libvirt-devel-32bit-1.1.2-2.48.1",
            "openSUSE 13.1:libvirt-doc-1.1.2-2.48.1",
            "openSUSE 13.1:libvirt-lock-sanlock-1.1.2-2.48.1",
            "openSUSE 13.1:libvirt-login-shell-1.1.2-2.48.1",
            "openSUSE 13.1:libvirt-python-1.1.2-2.48.1"
          ]
        }
      ],
      "CVSSScoreSets": {
        "BaseScore": "4",
        "Vector": "AV:L/AC:L/Au:M/C:P/I:P/A:P"
      }
    }
  ]
}