<oval_definitions xmlns="http://oval.mitre.org/XMLSchema/oval-definitions-5" xmlns:oval="http://oval.mitre.org/XMLSchema/oval-common-5" xmlns:linux-def="http://oval.mitre.org/XMLSchema/oval-definitions-5#linux" xmlns:xsi="http://www.w3.org/2001/XMLSchema-instance" xsi:schemaLocation="http://oval.mitre.org/XMLSchema/oval-common-5 https://oval.mitre.org/language/version5.11/ovaldefinition/complete/oval-common-schema.xsd http://oval.mitre.org/XMLSchema/oval-definitions-5 https://oval.mitre.org/language/version5.11/ovaldefinition/complete/oval-definitions-schema.xsd http://oval.mitre.org/XMLSchema/oval-definitions-5#linux https://oval.mitre.org/language/version5.11/ovaldefinition/complete/linux-definitions-schema.xsd ">
  <generator>
    <oval:product_name>CBL-Mariner OVAL Definition Generator</oval:product_name>
    <oval:product_version>8</oval:product_version>
    <oval:schema_version>5.11</oval:schema_version>
    <oval:timestamp>2022-01-28T13:00:49.330011518Z</oval:timestamp>
    <oval:content_version>1643374849</oval:content_version>
  </generator>
  <definitions>
    <definition class="vulnerability" id="oval:com.microsoft.cbl-mariner:def:3173" version="1643374849">
      <metadata>
        <title>CVE-2008-3914 affecting package clamav 0.101.2</title>
        <affected family="unix">
          <platform>CBL-Mariner</platform>
        </affected>
        <reference ref_id="CVE-2008-3914" ref_url="https://nvd.nist.gov/vuln/detail/CVE-2008-3914" source="CVE"/>
        <patchable>true</patchable>
        <advisory_date>2021-05-06T23:56:51Z</advisory_date>
        <advisory_id>3173</advisory_id>
        <severity>Critical</severity>
        <description>CVE-2008-3914 affecting package clamav 0.101.2. An upgraded version of the package is available that resolves this issue.</description>
      </metadata>
      <criteria operator="AND">
        <criterion comment="Package clamav is earlier than 0.103.2-1, affected by CVE-2008-3914" test_ref="oval:com.microsoft.cbl-mariner:tst:1643374849000003"/>
      </criteria>
    </definition>
    <definition class="vulnerability" id="oval:com.microsoft.cbl-mariner:def:4820" version="1643374849">
      <metadata>
        <title>CVE-2021-35942 affecting package glibc 2.28</title>
        <affected family="unix">
          <platform>CBL-Mariner</platform>
        </affected>
        <reference ref_id="CVE-2021-35942" ref_url="https://nvd.nist.gov/vuln/detail/CVE-2021-35942" source="CVE"/>
        <patchable>true</patchable>
        <advisory_date>2021-08-11T06:39:32Z</advisory_date>
        <advisory_id>4820</advisory_id>
        <severity>Critical</severity>
        <description>CVE-2021-35942 affecting package glibc 2.28. A patched version of the package is available.</description>
      </metadata>
      <criteria operator="AND">
        <criterion comment="Package glibc is earlier than 2.28-19, affected by CVE-2021-35942" test_ref="oval:com.microsoft.cbl-mariner:tst:1643374849000145"/>
      </criteria>
    </definition>
    <definition class="vulnerability" id="oval:com.microsoft.cbl-mariner:def:4209" version="1643374849">
      <metadata>
        <title>CVE-2018-25012 affecting package libwebp 1.0.0</title>
        <affected family="unix">
          <platform>CBL-Mariner</platform>
        </affected>
        <reference ref_id="CVE-2018-25012" ref_url="https://nvd.nist.gov/vuln/detail/CVE-2018-25012" source="CVE"/>
        <patchable>true</patchable>
        <advisory_date>2021-06-09T03:50:29Z</advisory_date>
        <advisory_id>4209</advisory_id>
        <severity>Critical</severity>
        <description>CVE-2018-25012 affecting package libwebp 1.0.0. An upgraded version of the package is available that resolves this issue.</description>
      </metadata>
      <criteria operator="AND">
        <criterion comment="Package libwebp is earlier than 1.0.3-1, affected by CVE-2018-25012" test_ref="oval:com.microsoft.cbl-mariner:tst:1643374849000151"/>
      </criteria>
    </definition>
  </definitions>
  <tests>
    <linux-def:rpminfo_test check="at least one" comment="Package clamav is earlier than 0.103.2-1, affected by CVE-2008-3914" id="oval:com.microsoft.cbl-mariner:tst:1643374849000003" version="1643374849">
      <linux-def:object object_ref="oval:com.microsoft.cbl-mariner:obj:1643374849000004"/>
      <linux-def:state state_ref="oval:com.microsoft.cbl-mariner:ste:1643374849000005"/>
    </linux-def:rpminfo_test>
    <linux-def:rpminfo_test check="at least one" comment="Package glibc is earlier than 2.28-19, affected by CVE-2021-35942" id="oval:com.microsoft.cbl-mariner:tst:1643374849000145" version="1643374849">
      <linux-def:object object_ref="oval:com.microsoft.cbl-mariner:obj:1643374849000051"/>
      <linux-def:state state_ref="oval:com.microsoft.cbl-mariner:ste:1643374849000146"/>
    </linux-def:rpminfo_test>
    <linux-def:rpminfo_test check="at least one" comment="Package libwebp is earlier than 1.0.3-1, affected by CVE-2018-25012" id="oval:com.microsoft.cbl-mariner:tst:1643374849000151" version="1643374849">
      <linux-def:object object_ref="oval:com.microsoft.cbl-mariner:obj:1643374849000067"/>
      <linux-def:state state_ref="oval:com.microsoft.cbl-mariner:ste:1643374849000068"/>
    </linux-def:rpminfo_test>
  </tests>
  <objects>
    <linux-def:rpminfo_object id="oval:com.microsoft.cbl-mariner:obj:1643374849000004" version="1643374849">
      <linux-def:name>clamav</linux-def:name>
    </linux-def:rpminfo_object>
    <linux-def:rpminfo_object id="oval:com.microsoft.cbl-mariner:obj:1643374849000051" version="1643374849">
      <linux-def:name>glibc</linux-def:name>
    </linux-def:rpminfo_object>
    <linux-def:rpminfo_object id="oval:com.microsoft.cbl-mariner:obj:1643374849000067" version="1643374849">
      <linux-def:name>libwebp</linux-def:name>
    </linux-def:rpminfo_object>
  </objects>
  <states>
    <linux-def:rpminfo_state id="oval:com.microsoft.cbl-mariner:ste:1643374849000005" version="1643374849">
      <linux-def:evr datatype="evr_string" operation="less than">0:0.103.2-1.cm1</linux-def:evr>
    </linux-def:rpminfo_state>
    <linux-def:rpminfo_state id="oval:com.microsoft.cbl-mariner:ste:1643374849000068" version="1643374849">
      <linux-def:evr datatype="evr_string" operation="less than">0:1.0.3-1.cm1</linux-def:evr>
    </linux-def:rpminfo_state>
    <linux-def:rpminfo_state id="oval:com.microsoft.cbl-mariner:ste:1643374849000146" version="1643374849">
      <linux-def:evr datatype="evr_string" operation="less than">0:2.28-19.cm1</linux-def:evr>
    </linux-def:rpminfo_state>
  </states>
</oval_definitions>
