{
  "Class": "vulnerability",
  "ID": "oval:com.microsoft.cbl-mariner:def:6933",
  "Version": "1643374850",
  "Metadata": {
    "Title": "CVE-2014-8139 affecting package unzip 6.0",
    "Affected": {
      "Family": "unix",
      "Platform": "CBL-Mariner"
    },
    "Reference": {
      "RefID": "CVE-2014-8139",
      "RefURL": "https://nvd.nist.gov/vuln/detail/CVE-2014-8139",
      "Source": "CVE"
    },
    "Patchable": "false",
    "AdvisoryID": "6933",
    "Severity": "High",
    "Description": "CVE-2014-8139 affecting package unzip 6.0. No patch is available currently."
  },
  "Criteria": {
    "Operator": "AND",
    "Criterion": {
      "Comment": "Package unzip is installed with version 6.0 or earlier",
      "TestRef": "oval:com.microsoft.cbl-mariner:tst:1643374850000269"
    }
  }
}
