{
  "distroversion": "v3.12",
  "reponame": "main",
  "unfix": {
    "1.16.0-r3": [
      "CVE-2019-6461"
    ]
  },
  "name": "cairo"
}