{
  "RpminfoState": [
    {
      "ID": "oval:com.redhat.cve:ste:20143209001",
      "Version": "631",
      "Arch": {},
      "Evr": {},
      "SignatureKeyID": {
        "Text": "199e2f91fd431d51",
        "Operation": "equals"
      }
    },
    {
      "ID": "oval:com.redhat.rhba:ste:20141396001",
      "Version": "641",
      "Arch": {},
      "Evr": {
        "Text": "1:0.7.32-1.el6",
        "Datatype": "evr_string",
        "Operation": "less than"
      },
      "SignatureKeyID": {}
    }
  ],
  "RpmverifyfileStates": [
    {
      "ID": "oval:com.redhat.cve:ste:20143209002",
      "AttrVersion": "631",
      "Name": {
        "Text": "^redhat-release",
        "Operation": "pattern match"
      },
      "Version": {
        "Text": "^6[^\\d]",
        "Operation": "pattern match"
      }
    },
    {
      "ID": "oval:com.redhat.cve:ste:20143209003",
      "AttrVersion": "631",
      "Name": {
        "Text": "^redhat-release",
        "Operation": "pattern match"
      },
      "Version": {}
    }
  ]
}