{
  "module": "github.com/dhowden/tag",
  "id": "GO-2021-0097",
  "published": "2021-04-14T12:00:00Z",
  "modified": "2021-04-14T12:00:00Z",
  "aliases": [
    "CVE-2020-29242"
  ],
  "details": "Due to improper bounds checking a number of methods can trigger a panic due to attempted\nout-of-bounds reads. If the package is used to parse user supplied input this may be\nused as a vector for a denial of service attack.\n",
  "affected": [
    {
      "package": {
        "name": "github.com/dhowden/tag",
        "ecosystem": "Go"
      },
      "ranges": [
        {
          "type": "SEMVER",
          "events": [
            {
              "introduced": "0"
            },
            {
              "fixed": "0.0.0-20201120070457-d52dcb253c63"
            }
          ]
        }
      ],
      "database_specific": {
        "url": "https://go.googlesource.com/vulndb/+/refs/heads/master/reports/GO-2021-0097.yaml"
      },
      "ecosystem_specific": {
        "symbols": [
          "readPICFrame",
          "readAPICFrame",
          "readTextWithDescrFrame",
          "readAtomData"
        ]
      }
    }
  ],
  "references": [
    {
      "type": "FIX",
      "url": "https://github.com/dhowden/tag/commit/d52dcb253c63a153632bfee5f269dd411dcd8e96"
    },
    {
      "type": "WEB",
      "url": "https://github.com/dhowden/tag/commit/a92213460e4838490ce3066ef11dc823cdc1740e"
    },
    {
      "type": "WEB",
      "url": "https://github.com/dhowden/tag/commit/4b595ed4fac79f467594aa92f8953f90f817116e"
    },
    {
      "type": "WEB",
      "url": "https://github.com/dhowden/tag/commit/6b18201aa5c5535511802ddfb4e4117686b4866d"
    }
  ]
}