{
  "distroversion": "v3.14",
  "reponame": "community",
  "unfix": {
    "3.18.0-r2": [
      "CVE-2019-12214",
      "CVE-2019-12212"
    ]
  },
  "name": "freeimage"
}